../USB_DEVICE/Target/usbd_conf.c:69:6:HAL_PCD_MspInit	104	static
../USB_DEVICE/Target/usbd_conf.c:112:6:HAL_PCD_MspDeInit	8	static
../USB_DEVICE/Target/usbd_conf.c:145:6:HAL_PCD_SetupStageCallback	0	static
../USB_DEVICE/Target/usbd_conf.c:160:6:HAL_PCD_DataOutStageCallback	0	static
../USB_DEVICE/Target/usbd_conf.c:175:6:HAL_PCD_DataInStageCallback	0	static
../USB_DEVICE/Target/usbd_conf.c:189:6:HAL_PCD_SOFCallback	0	static
../USB_DEVICE/Target/usbd_conf.c:203:6:HAL_PCD_ResetCallback	8	static
../USB_DEVICE/Target/usbd_conf.c:228:6:HAL_PCD_SuspendCallback	8	static
../USB_DEVICE/Target/usbd_conf.c:253:6:HAL_PCD_ResumeCallback	0	static
../USB_DEVICE/Target/usbd_conf.c:271:6:HAL_PCD_ISOOUTIncompleteCallback	0	static
../USB_DEVICE/Target/usbd_conf.c:286:6:HAL_PCD_ISOINIncompleteCallback	0	static
../USB_DEVICE/Target/usbd_conf.c:300:6:HAL_PCD_ConnectCallback	0	static
../USB_DEVICE/Target/usbd_conf.c:314:6:HAL_PCD_DisconnectCallback	0	static
../USB_DEVICE/Target/usbd_conf.c:329:20:USBD_LL_Init	8	static
../USB_DEVICE/Target/usbd_conf.c:524:9:USBD_LL_IsStallEP	0	static
../USB_DEVICE/Target/usbd_conf.c:602:10:USBD_LL_GetRxDataSize	0	static
../USB_DEVICE/Target/usbd_conf.c:613:6:HAL_PCDEx_LPM_Callback	8	static
../USB_DEVICE/Target/usbd_conf.c:664:7:USBD_static_malloc	0	static
../USB_DEVICE/Target/usbd_conf.c:675:6:USBD_static_free	0	static
../USB_DEVICE/Target/usbd_conf.c:685:6:USBD_LL_Delay	0	static
../USB_DEVICE/Target/usbd_conf.c:695:20:USBD_Get_USB_Status	0	static
../USB_DEVICE/Target/usbd_conf.c:380:20:USBD_LL_DeInit	8	static
../USB_DEVICE/Target/usbd_conf.c:397:20:USBD_LL_Start	8	static
../USB_DEVICE/Target/usbd_conf.c:414:20:USBD_LL_Stop	8	static
../USB_DEVICE/Target/usbd_conf.c:434:20:USBD_LL_OpenEP	8	static
../USB_DEVICE/Target/usbd_conf.c:452:20:USBD_LL_CloseEP	8	static
../USB_DEVICE/Target/usbd_conf.c:470:20:USBD_LL_FlushEP	8	static
../USB_DEVICE/Target/usbd_conf.c:488:20:USBD_LL_StallEP	8	static
../USB_DEVICE/Target/usbd_conf.c:506:20:USBD_LL_ClearStallEP	8	static
../USB_DEVICE/Target/usbd_conf.c:544:20:USBD_LL_SetUSBAddress	8	static
../USB_DEVICE/Target/usbd_conf.c:564:20:USBD_LL_Transmit	8	static
../USB_DEVICE/Target/usbd_conf.c:584:20:USBD_LL_PrepareReceive	8	static
